{"type":"TxWitnessByron","description":"","cborHex":"82f7825820cd2b047d1a803eee059769cffb3dfd0a4b9327e55bc78aa962d9bd4f720db0b2584093cbb49246dffb2cb2ca2c18e75039bdb4f80730bb9478045c4b8ef5494145a71bd59a478df4ec0dd22e78c9fc919918f4404115fafb10fa4f218b269d3e220a"}